// Jest Snapshot v1, https://goo.gl/fbAQLP

exports[`Renders Circle Button List 1`] = `
<RCTScrollView>
  <View>
    <View
      style={
        Object {
          "elevation": 25,
        }
      }
    >
      <Image
        source={1}
        style={
          Object {
            "height": 422,
            "marginTop": -15,
            "width": 750,
          }
        }
      />
    </View>
    <Text
      allowFontScaling={false}
      style={
        Array [
          Object {
            "elevation": 26,
            "fontSize": 30,
            "fontWeight": "bold",
            "left": 15,
            "position": "absolute",
            "top": 35,
          },
          Object {
            "color": "#F1F1F1",
          },
        ]
      }
    >
      Hi 
      Test
      ,
      

      what types of food can you
      

      eat?
    </Text>
    <Text
      allowFontScaling={false}
      style={
        Array [
          Array [
            Object {
              "fontSize": 25,
              "fontWeight": "bold",
              "margin": 15,
              "marginTop": 0,
            },
            Object {
              "color": "#707070",
            },
          ],
          Object {
            "marginBottom": 0,
            "marginTop": 0,
          },
        ]
      }
    >
      Types of food
    </Text>
    <View
      style={
        Object {
          "flex": 1,
          "flexDirection": "row",
          "flexWrap": "wrap",
          "justifyContent": "flex-start",
          "paddingBottom": 0,
          "paddingLeft": 20,
          "paddingTop": 5,
        }
      }
    >
      <View
        style={
          Object {
            "marginRight": 10,
            "marginTop": 20,
            "width": 80,
          }
        }
      >
        <View
          accessible={true}
          focusable={true}
          onClick={[Function]}
          onResponderGrant={[Function]}
          onResponderMove={[Function]}
          onResponderRelease={[Function]}
          onResponderTerminate={[Function]}
          onResponderTerminationRequest={[Function]}
          onStartShouldSetResponder={[Function]}
          style={
            Object {
              "alignSelf": "center",
              "backgroundColor": "#FD4040",
              "borderRadius": 100,
              "elevation": 10,
              "height": 60,
              "opacity": 1,
              "width": 60,
            }
          }
        >
          <Image
            source={1}
            style={
              Object {
                "height": 32,
                "marginLeft": 14,
                "marginTop": 14,
                "width": 32,
              }
            }
          />
        </View>
        <Text
          allowFontScaling={false}
          style={
            Array [
              Object {
                "marginTop": 5,
                "textAlign": "center",
              },
              Object {
                "color": "#707070",
              },
            ]
          }
        >
          Fish
        </Text>
      </View>
      <View
        style={
          Object {
            "marginRight": 10,
            "marginTop": 20,
            "width": 80,
          }
        }
      >
        <View
          accessible={true}
          focusable={true}
          onClick={[Function]}
          onResponderGrant={[Function]}
          onResponderMove={[Function]}
          onResponderRelease={[Function]}
          onResponderTerminate={[Function]}
          onResponderTerminationRequest={[Function]}
          onStartShouldSetResponder={[Function]}
          style={
            Object {
              "alignSelf": "center",
              "backgroundColor": "#FD4040",
              "borderRadius": 100,
              "elevation": 10,
              "height": 60,
              "opacity": 1,
              "width": 60,
            }
          }
        >
          <Image
            source={1}
            style={
              Object {
                "height": 32,
                "marginLeft": 14,
                "marginTop": 14,
                "width": 32,
              }
            }
          />
        </View>
        <Text
          allowFontScaling={false}
          style={
            Array [
              Object {
                "marginTop": 5,
                "textAlign": "center",
              },
              Object {
                "color": "#707070",
              },
            ]
          }
        >
          Vegan
        </Text>
      </View>
      <View
        style={
          Object {
            "marginRight": 10,
            "marginTop": 20,
            "width": 80,
          }
        }
      >
        <View
          accessible={true}
          focusable={true}
          onClick={[Function]}
          onResponderGrant={[Function]}
          onResponderMove={[Function]}
          onResponderRelease={[Function]}
          onResponderTerminate={[Function]}
          onResponderTerminationRequest={[Function]}
          onStartShouldSetResponder={[Function]}
          style={
            Object {
              "alignSelf": "center",
              "backgroundColor": "#FD4040",
              "borderRadius": 100,
              "elevation": 10,
              "height": 60,
              "opacity": 1,
              "width": 60,
            }
          }
        >
          <Image
            source={1}
            style={
              Object {
                "height": 32,
                "marginLeft": 14,
                "marginTop": 14,
                "width": 32,
              }
            }
          />
        </View>
        <Text
          allowFontScaling={false}
          style={
            Array [
              Object {
                "marginTop": 5,
                "textAlign": "center",
              },
              Object {
                "color": "#707070",
              },
            ]
          }
        >
          Vegetarian
        </Text>
      </View>
      <View
        style={
          Object {
            "marginRight": 10,
            "marginTop": 20,
            "width": 80,
          }
        }
      >
        <View
          accessible={true}
          focusable={true}
          onClick={[Function]}
          onResponderGrant={[Function]}
          onResponderMove={[Function]}
          onResponderRelease={[Function]}
          onResponderTerminate={[Function]}
          onResponderTerminationRequest={[Function]}
          onStartShouldSetResponder={[Function]}
          style={
            Object {
              "alignSelf": "center",
              "backgroundColor": "#FD4040",
              "borderRadius": 100,
              "elevation": 10,
              "height": 60,
              "opacity": 1,
              "width": 60,
            }
          }
        >
          <Image
            source={1}
            style={
              Object {
                "height": 32,
                "marginLeft": 14,
                "marginTop": 14,
                "width": 32,
              }
            }
          />
        </View>
        <Text
          allowFontScaling={false}
          style={
            Array [
              Object {
                "marginTop": 5,
                "textAlign": "center",
              },
              Object {
                "color": "#707070",
              },
            ]
          }
        >
          Meat
        </Text>
      </View>
      <View
        style={
          Object {
            "marginRight": 10,
            "marginTop": 20,
            "width": 80,
          }
        }
      >
        <View
          accessible={true}
          focusable={true}
          onClick={[Function]}
          onResponderGrant={[Function]}
          onResponderMove={[Function]}
          onResponderRelease={[Function]}
          onResponderTerminate={[Function]}
          onResponderTerminationRequest={[Function]}
          onStartShouldSetResponder={[Function]}
          style={
            Object {
              "alignSelf": "center",
              "backgroundColor": "#FD4040",
              "borderRadius": 100,
              "elevation": 10,
              "height": 60,
              "opacity": 1,
              "width": 60,
            }
          }
        >
          <Image
            source={1}
            style={
              Object {
                "height": 32,
                "marginLeft": 14,
                "marginTop": 14,
                "width": 32,
              }
            }
          />
        </View>
        <Text
          allowFontScaling={false}
          style={
            Array [
              Object {
                "marginTop": 5,
                "textAlign": "center",
              },
              Object {
                "color": "#707070",
              },
            ]
          }
        >
          Halal
        </Text>
      </View>
      <View
        style={
          Object {
            "marginRight": 10,
            "marginTop": 20,
            "width": 80,
          }
        }
      >
        <View
          accessible={true}
          focusable={true}
          onClick={[Function]}
          onResponderGrant={[Function]}
          onResponderMove={[Function]}
          onResponderRelease={[Function]}
          onResponderTerminate={[Function]}
          onResponderTerminationRequest={[Function]}
          onStartShouldSetResponder={[Function]}
          style={
            Object {
              "alignSelf": "center",
              "backgroundColor": "#FD4040",
              "borderRadius": 100,
              "elevation": 10,
              "height": 60,
              "opacity": 1,
              "width": 60,
            }
          }
        >
          <Image
            source={1}
            style={
              Object {
                "height": 32,
                "marginLeft": 14,
                "marginTop": 14,
                "width": 32,
              }
            }
          />
        </View>
        <Text
          allowFontScaling={false}
          style={
            Array [
              Object {
                "marginTop": 5,
                "textAlign": "center",
              },
              Object {
                "color": "#707070",
              },
            ]
          }
        >
          Kosher
        </Text>
      </View>
    </View>
    <Text
      allowFontScaling={false}
      style={
        Array [
          Array [
            Object {
              "fontSize": 25,
              "fontWeight": "bold",
              "margin": 15,
              "marginTop": 0,
            },
            Object {
              "color": "#707070",
            },
          ],
          Object {
            "marginTop": 15,
          },
        ]
      }
    >
      Allergies / intolerance
    </Text>
    <View
      style={
        Object {
          "flex": 1,
          "flexDirection": "row",
          "flexWrap": "wrap",
          "justifyContent": "flex-start",
          "marginLeft": 20,
        }
      }
    >
      <View
        accessible={true}
        focusable={true}
        onClick={[Function]}
        onResponderGrant={[Function]}
        onResponderMove={[Function]}
        onResponderRelease={[Function]}
        onResponderTerminate={[Function]}
        onResponderTerminationRequest={[Function]}
        onStartShouldSetResponder={[Function]}
        style={
          Object {
            "height": 50,
            "opacity": 1,
          }
        }
      >
        <View
          style={
            Array [
              Object {
                "borderRadius": 20,
                "elevation": 10,
                "flex": 1,
                "flexDirection": "row",
                "margin": 5,
                "padding": 8,
                "paddingRight": 15,
              },
              Object {
                "backgroundColor": "#FD4040",
              },
            ]
          }
        >
          <Image
            source={1}
            style={
              Object {
                "height": 24,
                "marginLeft": 5,
                "width": 24,
              }
            }
          />
          <Text
            allowFontScaling={false}
            style={
              Array [
                Object {
                  "marginTop": 2,
                  "paddingLeft": 5,
                },
                Object {
                  "color": "#FFF",
                },
              ]
            }
          >
            Lactose
          </Text>
        </View>
      </View>
      <View
        accessible={true}
        focusable={true}
        onClick={[Function]}
        onResponderGrant={[Function]}
        onResponderMove={[Function]}
        onResponderRelease={[Function]}
        onResponderTerminate={[Function]}
        onResponderTerminationRequest={[Function]}
        onStartShouldSetResponder={[Function]}
        style={
          Object {
            "height": 50,
            "opacity": 1,
          }
        }
      >
        <View
          style={
            Array [
              Object {
                "borderRadius": 20,
                "elevation": 10,
                "flex": 1,
                "flexDirection": "row",
                "margin": 5,
                "padding": 8,
                "paddingRight": 15,
              },
              Object {
                "backgroundColor": "#FD4040",
              },
            ]
          }
        >
          <Image
            source={1}
            style={
              Object {
                "height": 24,
                "marginLeft": 5,
                "width": 24,
              }
            }
          />
          <Text
            allowFontScaling={false}
            style={
              Array [
                Object {
                  "marginTop": 2,
                  "paddingLeft": 5,
                },
                Object {
                  "color": "#FFF",
                },
              ]
            }
          >
            Nuts
          </Text>
        </View>
      </View>
      <View
        accessible={true}
        focusable={true}
        onClick={[Function]}
        onResponderGrant={[Function]}
        onResponderMove={[Function]}
        onResponderRelease={[Function]}
        onResponderTerminate={[Function]}
        onResponderTerminationRequest={[Function]}
        onStartShouldSetResponder={[Function]}
        style={
          Object {
            "height": 50,
            "opacity": 1,
          }
        }
      >
        <View
          style={
            Array [
              Object {
                "borderRadius": 20,
                "elevation": 10,
                "flex": 1,
                "flexDirection": "row",
                "margin": 5,
                "padding": 8,
                "paddingRight": 15,
              },
              Object {
                "backgroundColor": "#FD4040",
              },
            ]
          }
        >
          <Image
            source={1}
            style={
              Object {
                "height": 24,
                "marginLeft": 5,
                "width": 24,
              }
            }
          />
          <Text
            allowFontScaling={false}
            style={
              Array [
                Object {
                  "marginTop": 2,
                  "paddingLeft": 5,
                },
                Object {
                  "color": "#FFF",
                },
              ]
            }
          >
            Gluten
          </Text>
        </View>
      </View>
      <View
        accessible={true}
        focusable={true}
        onClick={[Function]}
        onResponderGrant={[Function]}
        onResponderMove={[Function]}
        onResponderRelease={[Function]}
        onResponderTerminate={[Function]}
        onResponderTerminationRequest={[Function]}
        onStartShouldSetResponder={[Function]}
        style={
          Object {
            "height": 50,
            "opacity": 1,
          }
        }
      >
        <View
          style={
            Array [
              Object {
                "borderRadius": 20,
                "elevation": 10,
                "flex": 1,
                "flexDirection": "row",
                "margin": 5,
                "padding": 8,
                "paddingRight": 15,
              },
              Object {
                "backgroundColor": "#FD4040",
              },
            ]
          }
        >
          <Image
            source={1}
            style={
              Object {
                "height": 24,
                "marginLeft": 5,
                "width": 24,
              }
            }
          />
          <Text
            allowFontScaling={false}
            style={
              Array [
                Object {
                  "marginTop": 2,
                  "paddingLeft": 5,
                },
                Object {
                  "color": "#FFF",
                },
              ]
            }
          >
            Soy
          </Text>
        </View>
      </View>
      <View
        accessible={true}
        focusable={true}
        onClick={[Function]}
        onResponderGrant={[Function]}
        onResponderMove={[Function]}
        onResponderRelease={[Function]}
        onResponderTerminate={[Function]}
        onResponderTerminationRequest={[Function]}
        onStartShouldSetResponder={[Function]}
        style={
          Object {
            "height": 50,
            "opacity": 1,
          }
        }
      >
        <View
          style={
            Array [
              Object {
                "borderRadius": 20,
                "elevation": 10,
                "flex": 1,
                "flexDirection": "row",
                "margin": 5,
                "padding": 8,
                "paddingRight": 15,
              },
              Object {
                "backgroundColor": "#FD4040",
              },
            ]
          }
        >
          <Image
            source={1}
            style={
              Object {
                "height": 24,
                "marginLeft": 5,
                "width": 24,
              }
            }
          />
          <Text
            allowFontScaling={false}
            style={
              Array [
                Object {
                  "marginTop": 2,
                  "paddingLeft": 5,
                },
                Object {
                  "color": "#FFF",
                },
              ]
            }
          >
            Egg
          </Text>
        </View>
      </View>
    </View>
    <View
      style={
        Array [
          Object {
            "flex": 1,
            "flexDirection": "row",
            "padding": 15,
            "paddingTop": 25,
          },
          Object {
            "alignSelf": "center",
            "justifyContent": "space-between",
            "width": 725,
          },
        ]
      }
    >
      <View
        style={
          Object {
            "alignItems": "center",
          }
        }
      >
        <Image
          source={1}
          style={
            Object {
              "height": 35,
              "width": 35,
            }
          }
        />
        <Text
          allowFontScaling={false}
          style={
            Object {
              "textAlign": "center",
            }
          }
        >
          Create Your 
Account
        </Text>
      </View>
      <View
        style={
          Object {
            "alignSelf": "center",
            "backgroundColor": "#707070",
            "flexShrink": 1,
            "height": 2,
            "marginTop": -35,
            "width": 50,
          }
        }
      />
      <View
        style={
          Object {
            "alignItems": "center",
          }
        }
      >
        <Image
          source={1}
          style={
            Object {
              "height": 35,
              "width": 35,
            }
          }
        />
        <Text
          allowFontScaling={false}
          style={
            Object {
              "textAlign": "center",
            }
          }
        >
          Confirm Your 
Email
        </Text>
      </View>
      <View
        style={
          Object {
            "alignSelf": "center",
            "backgroundColor": "#707070",
            "flexShrink": 1,
            "height": 2,
            "marginTop": -35,
            "width": 50,
          }
        }
      />
      <View
        style={
          Object {
            "alignItems": "center",
          }
        }
      >
        <Image
          source={1}
          style={
            Object {
              "height": 35,
              "width": 35,
            }
          }
        />
        <Text
          allowFontScaling={false}
          style={
            Object {
              "textAlign": "center",
            }
          }
        >
          Select Your 
Preferences
        </Text>
      </View>
    </View>
    <View
      style={
        Array [
          Object {
            "flex": 1,
            "flexDirection": "row",
            "padding": 15,
            "paddingTop": 25,
          },
          Object {
            "paddingBottom": 25,
          },
        ]
      }
    >
      <View
        accessible={true}
        focusable={true}
        onClick={[Function]}
        onResponderGrant={[Function]}
        onResponderMove={[Function]}
        onResponderRelease={[Function]}
        onResponderTerminate={[Function]}
        onResponderTerminationRequest={[Function]}
        onStartShouldSetResponder={[Function]}
        style={
          Object {
            "backgroundColor": "#FD4040",
            "borderRadius": 10,
            "bottom": 0,
            "opacity": 1,
            "paddingBottom": 8,
            "paddingLeft": 20,
            "paddingRight": 20,
            "paddingTop": 8,
            "position": "absolute",
            "right": 25,
          }
        }
      >
        <Text
          allowFontScaling={false}
          style={
            Array [
              Object {
                "color": "#F1F1F1",
              },
              Object {
                "fontWeight": "bold",
              },
            ]
          }
        >
          SUBMIT
        </Text>
      </View>
    </View>
  </View>
</RCTScrollView>
`;
