// Jest Snapshot v1, https://goo.gl/fbAQLP

exports[`Renders Circle Button List 1`] = `
<RCTScrollView>
  <View>
    <View
      style={
        Object {
          "elevation": 25,
        }
      }
    >
      <Image
        source={1}
        style={
          Object {
            "height": 422,
            "width": 750,
          }
        }
      />
    </View>
    <Text
      allowFontScaling={false}
      style={
        Object {
          "color": "#F1F1F1",
          "elevation": 26,
          "fontSize": 30,
          "fontWeight": "bold",
          "left": 15,
          "position": "absolute",
          "top": 50,
        }
      }
    >
      Hi 
      Test
      !
      

      What types of food can you
      

      eat?
    </Text>
    <Text
      allowFontScaling={false}
      style={
        Array [
          Object {
            "color": "#707070",
            "fontSize": 25,
            "fontWeight": "bold",
            "margin": 15,
            "marginTop": 0,
          },
          Object {
            "marginBottom": 0,
            "marginTop": 10,
          },
        ]
      }
    >
      Types of food
    </Text>
    <View
      style={
        Object {
          "flex": 1,
          "flexDirection": "row",
          "flexWrap": "wrap",
          "justifyContent": "flex-start",
          "paddingBottom": 0,
          "paddingLeft": 20,
          "paddingTop": 5,
        }
      }
    >
      <View
        style={
          Object {
            "marginRight": 10,
            "marginTop": 20,
            "width": 80,
          }
        }
      >
        <View
          accessible={true}
          focusable={true}
          onClick={[Function]}
          onResponderGrant={[Function]}
          onResponderMove={[Function]}
          onResponderRelease={[Function]}
          onResponderTerminate={[Function]}
          onResponderTerminationRequest={[Function]}
          onStartShouldSetResponder={[Function]}
          style={
            Object {
              "alignSelf": "center",
              "backgroundColor": "#FD4040",
              "borderRadius": 100,
              "elevation": 10,
              "height": 60,
              "opacity": 1,
              "width": 60,
            }
          }
        >
          <Image
            source={1}
            style={
              Object {
                "height": 32,
                "marginLeft": 14,
                "marginTop": 14,
                "width": 32,
              }
            }
          />
        </View>
        <Text
          allowFontScaling={false}
          style={
            Object {
              "color": "#707070",
              "marginTop": 5,
              "textAlign": "center",
            }
          }
        >
          Fish
        </Text>
      </View>
      <View
        style={
          Object {
            "marginRight": 10,
            "marginTop": 20,
            "width": 80,
          }
        }
      >
        <View
          accessible={true}
          focusable={true}
          onClick={[Function]}
          onResponderGrant={[Function]}
          onResponderMove={[Function]}
          onResponderRelease={[Function]}
          onResponderTerminate={[Function]}
          onResponderTerminationRequest={[Function]}
          onStartShouldSetResponder={[Function]}
          style={
            Object {
              "alignSelf": "center",
              "backgroundColor": "#FD4040",
              "borderRadius": 100,
              "elevation": 10,
              "height": 60,
              "opacity": 1,
              "width": 60,
            }
          }
        >
          <Image
            source={1}
            style={
              Object {
                "height": 32,
                "marginLeft": 14,
                "marginTop": 14,
                "width": 32,
              }
            }
          />
        </View>
        <Text
          allowFontScaling={false}
          style={
            Object {
              "color": "#707070",
              "marginTop": 5,
              "textAlign": "center",
            }
          }
        >
          Vegan
        </Text>
      </View>
      <View
        style={
          Object {
            "marginRight": 10,
            "marginTop": 20,
            "width": 80,
          }
        }
      >
        <View
          accessible={true}
          focusable={true}
          onClick={[Function]}
          onResponderGrant={[Function]}
          onResponderMove={[Function]}
          onResponderRelease={[Function]}
          onResponderTerminate={[Function]}
          onResponderTerminationRequest={[Function]}
          onStartShouldSetResponder={[Function]}
          style={
            Object {
              "alignSelf": "center",
              "backgroundColor": "#FD4040",
              "borderRadius": 100,
              "elevation": 10,
              "height": 60,
              "opacity": 1,
              "width": 60,
            }
          }
        >
          <Image
            source={1}
            style={
              Object {
                "height": 32,
                "marginLeft": 14,
                "marginTop": 14,
                "width": 32,
              }
            }
          />
        </View>
        <Text
          allowFontScaling={false}
          style={
            Object {
              "color": "#707070",
              "marginTop": 5,
              "textAlign": "center",
            }
          }
        >
          Vegetarian
        </Text>
      </View>
      <View
        style={
          Object {
            "marginRight": 10,
            "marginTop": 20,
            "width": 80,
          }
        }
      >
        <View
          accessible={true}
          focusable={true}
          onClick={[Function]}
          onResponderGrant={[Function]}
          onResponderMove={[Function]}
          onResponderRelease={[Function]}
          onResponderTerminate={[Function]}
          onResponderTerminationRequest={[Function]}
          onStartShouldSetResponder={[Function]}
          style={
            Object {
              "alignSelf": "center",
              "backgroundColor": "#FD4040",
              "borderRadius": 100,
              "elevation": 10,
              "height": 60,
              "opacity": 1,
              "width": 60,
            }
          }
        >
          <Image
            source={1}
            style={
              Object {
                "height": 32,
                "marginLeft": 14,
                "marginTop": 14,
                "width": 32,
              }
            }
          />
        </View>
        <Text
          allowFontScaling={false}
          style={
            Object {
              "color": "#707070",
              "marginTop": 5,
              "textAlign": "center",
            }
          }
        >
          Meat
        </Text>
      </View>
      <View
        style={
          Object {
            "marginRight": 10,
            "marginTop": 20,
            "width": 80,
          }
        }
      >
        <View
          accessible={true}
          focusable={true}
          onClick={[Function]}
          onResponderGrant={[Function]}
          onResponderMove={[Function]}
          onResponderRelease={[Function]}
          onResponderTerminate={[Function]}
          onResponderTerminationRequest={[Function]}
          onStartShouldSetResponder={[Function]}
          style={
            Object {
              "alignSelf": "center",
              "backgroundColor": "#FD4040",
              "borderRadius": 100,
              "elevation": 10,
              "height": 60,
              "opacity": 1,
              "width": 60,
            }
          }
        >
          <Image
            source={1}
            style={
              Object {
                "height": 32,
                "marginLeft": 14,
                "marginTop": 14,
                "width": 32,
              }
            }
          />
        </View>
        <Text
          allowFontScaling={false}
          style={
            Object {
              "color": "#707070",
              "marginTop": 5,
              "textAlign": "center",
            }
          }
        >
          Halal
        </Text>
      </View>
      <View
        style={
          Object {
            "marginRight": 10,
            "marginTop": 20,
            "width": 80,
          }
        }
      >
        <View
          accessible={true}
          focusable={true}
          onClick={[Function]}
          onResponderGrant={[Function]}
          onResponderMove={[Function]}
          onResponderRelease={[Function]}
          onResponderTerminate={[Function]}
          onResponderTerminationRequest={[Function]}
          onStartShouldSetResponder={[Function]}
          style={
            Object {
              "alignSelf": "center",
              "backgroundColor": "#FFF",
              "borderRadius": 100,
              "elevation": 10,
              "height": 60,
              "opacity": 1,
              "width": 60,
            }
          }
        >
          <Image
            source={1}
            style={
              Object {
                "height": 32,
                "marginLeft": 14,
                "marginTop": 14,
                "width": 32,
              }
            }
          />
        </View>
        <Text
          allowFontScaling={false}
          style={
            Object {
              "color": "#707070",
              "marginTop": 5,
              "textAlign": "center",
            }
          }
        >
          Kosher
        </Text>
      </View>
    </View>
    <Text
      allowFontScaling={false}
      style={
        Array [
          Object {
            "color": "#707070",
            "fontSize": 25,
            "fontWeight": "bold",
            "margin": 15,
            "marginTop": 0,
          },
          Object {
            "marginTop": 15,
          },
        ]
      }
    >
      Allergies / intolerance
    </Text>
    <View
      style={
        Object {
          "flex": 1,
          "flexDirection": "row",
          "flexWrap": "wrap",
          "justifyContent": "flex-start",
          "marginLeft": 20,
        }
      }
    >
      <View
        accessible={true}
        focusable={true}
        onClick={[Function]}
        onResponderGrant={[Function]}
        onResponderMove={[Function]}
        onResponderRelease={[Function]}
        onResponderTerminate={[Function]}
        onResponderTerminationRequest={[Function]}
        onStartShouldSetResponder={[Function]}
        style={
          Object {
            "height": 50,
            "opacity": 1,
          }
        }
      >
        <View
          style={
            Array [
              Object {
                "borderRadius": 20,
                "elevation": 10,
                "flex": 1,
                "flexDirection": "row",
                "margin": 5,
                "padding": 8,
                "paddingRight": 15,
              },
              Object {
                "backgroundColor": "#FD4040",
              },
            ]
          }
        >
          <Image
            source={1}
            style={
              Object {
                "height": 24,
                "marginLeft": 5,
                "width": 24,
              }
            }
          />
          <Text
            allowFontScaling={false}
            style={
              Object {
                "color": "#FFF",
                "marginTop": 2,
                "paddingLeft": 5,
              }
            }
          >
            Lactose
          </Text>
        </View>
      </View>
      <View
        accessible={true}
        focusable={true}
        onClick={[Function]}
        onResponderGrant={[Function]}
        onResponderMove={[Function]}
        onResponderRelease={[Function]}
        onResponderTerminate={[Function]}
        onResponderTerminationRequest={[Function]}
        onStartShouldSetResponder={[Function]}
        style={
          Object {
            "height": 50,
            "opacity": 1,
          }
        }
      >
        <View
          style={
            Array [
              Object {
                "borderRadius": 20,
                "elevation": 10,
                "flex": 1,
                "flexDirection": "row",
                "margin": 5,
                "padding": 8,
                "paddingRight": 15,
              },
              Object {
                "backgroundColor": "#FD4040",
              },
            ]
          }
        >
          <Image
            source={1}
            style={
              Object {
                "height": 24,
                "marginLeft": 5,
                "width": 24,
              }
            }
          />
          <Text
            allowFontScaling={false}
            style={
              Object {
                "color": "#FFF",
                "marginTop": 2,
                "paddingLeft": 5,
              }
            }
          >
            Nuts
          </Text>
        </View>
      </View>
      <View
        accessible={true}
        focusable={true}
        onClick={[Function]}
        onResponderGrant={[Function]}
        onResponderMove={[Function]}
        onResponderRelease={[Function]}
        onResponderTerminate={[Function]}
        onResponderTerminationRequest={[Function]}
        onStartShouldSetResponder={[Function]}
        style={
          Object {
            "height": 50,
            "opacity": 1,
          }
        }
      >
        <View
          style={
            Array [
              Object {
                "borderRadius": 20,
                "elevation": 10,
                "flex": 1,
                "flexDirection": "row",
                "margin": 5,
                "padding": 8,
                "paddingRight": 15,
              },
              Object {
                "backgroundColor": "#FD4040",
              },
            ]
          }
        >
          <Image
            source={1}
            style={
              Object {
                "height": 24,
                "marginLeft": 5,
                "width": 24,
              }
            }
          />
          <Text
            allowFontScaling={false}
            style={
              Object {
                "color": "#FFF",
                "marginTop": 2,
                "paddingLeft": 5,
              }
            }
          >
            Gluten
          </Text>
        </View>
      </View>
      <View
        accessible={true}
        focusable={true}
        onClick={[Function]}
        onResponderGrant={[Function]}
        onResponderMove={[Function]}
        onResponderRelease={[Function]}
        onResponderTerminate={[Function]}
        onResponderTerminationRequest={[Function]}
        onStartShouldSetResponder={[Function]}
        style={
          Object {
            "height": 50,
            "opacity": 1,
          }
        }
      >
        <View
          style={
            Array [
              Object {
                "borderRadius": 20,
                "elevation": 10,
                "flex": 1,
                "flexDirection": "row",
                "margin": 5,
                "padding": 8,
                "paddingRight": 15,
              },
              Object {
                "backgroundColor": "#FD4040",
              },
            ]
          }
        >
          <Image
            source={1}
            style={
              Object {
                "height": 24,
                "marginLeft": 5,
                "width": 24,
              }
            }
          />
          <Text
            allowFontScaling={false}
            style={
              Object {
                "color": "#FFF",
                "marginTop": 2,
                "paddingLeft": 5,
              }
            }
          >
            Soy
          </Text>
        </View>
      </View>
      <View
        accessible={true}
        focusable={true}
        onClick={[Function]}
        onResponderGrant={[Function]}
        onResponderMove={[Function]}
        onResponderRelease={[Function]}
        onResponderTerminate={[Function]}
        onResponderTerminationRequest={[Function]}
        onStartShouldSetResponder={[Function]}
        style={
          Object {
            "height": 50,
            "opacity": 1,
          }
        }
      >
        <View
          style={
            Array [
              Object {
                "borderRadius": 20,
                "elevation": 10,
                "flex": 1,
                "flexDirection": "row",
                "margin": 5,
                "padding": 8,
                "paddingRight": 15,
              },
              Object {
                "backgroundColor": "#FD4040",
              },
            ]
          }
        >
          <Image
            source={1}
            style={
              Object {
                "height": 24,
                "marginLeft": 5,
                "width": 24,
              }
            }
          />
          <Text
            allowFontScaling={false}
            style={
              Object {
                "color": "#FFF",
                "marginTop": 2,
                "paddingLeft": 5,
              }
            }
          >
            Shellfish
          </Text>
        </View>
      </View>
    </View>
    <View
      accessible={true}
      focusable={true}
      onClick={[Function]}
      onResponderGrant={[Function]}
      onResponderMove={[Function]}
      onResponderRelease={[Function]}
      onResponderTerminate={[Function]}
      onResponderTerminationRequest={[Function]}
      onStartShouldSetResponder={[Function]}
      style={
        Object {
          "alignSelf": "flex-end",
          "marginRight": 40,
          "marginTop": 40,
          "opacity": 1,
        }
      }
    >
      <View>
        <Text
          style={
            Object {
              "color": "#FD4040",
              "fontSize": 15,
              "fontWeight": "bold",
            }
          }
        >
          Submit
        </Text>
      </View>
    </View>
  </View>
</RCTScrollView>
`;
