// Jest Snapshot v1, https://goo.gl/fbAQLP

exports[`Renders first item in form progress 1`] = `
Array [
  <View
    style={
      Array [
        Object {
          "flex": 1,
          "flexDirection": "row",
          "padding": 15,
          "paddingTop": 25,
        },
        Object {
          "alignSelf": "center",
          "justifyContent": "space-between",
          "width": 725,
        },
      ]
    }
  >
    <View
      style={
        Object {
          "alignItems": "center",
        }
      }
    >
      <Image
        source={1}
        style={
          Object {
            "height": 35,
            "width": 35,
          }
        }
      />
      <Text
        allowFontScaling={false}
        style={
          Object {
            "textAlign": "center",
          }
        }
      >
        Create Your 
Account
      </Text>
    </View>
    <View
      style={
        Object {
          "alignSelf": "center",
          "backgroundColor": "#707070",
          "flexShrink": 1,
          "height": 2,
          "marginTop": -35,
          "width": 50,
        }
      }
    />
    <View
      style={
        Object {
          "alignItems": "center",
        }
      }
    >
      <Image
        source={1}
        style={
          Object {
            "height": 35,
            "width": 35,
          }
        }
      />
      <Text
        allowFontScaling={false}
        style={
          Object {
            "textAlign": "center",
          }
        }
      >
        Confirm Your 
Email
      </Text>
    </View>
    <View
      style={
        Object {
          "alignSelf": "center",
          "backgroundColor": "#707070",
          "flexShrink": 1,
          "height": 2,
          "marginTop": -35,
          "width": 50,
        }
      }
    />
    <View
      style={
        Object {
          "alignItems": "center",
        }
      }
    >
      <Image
        source={1}
        style={
          Object {
            "height": 35,
            "width": 35,
          }
        }
      />
      <Text
        allowFontScaling={false}
        style={
          Object {
            "textAlign": "center",
          }
        }
      >
        Select Your 
Preferences
      </Text>
    </View>
  </View>,
  <View
    style={
      Array [
        Object {
          "flex": 1,
          "flexDirection": "row",
          "padding": 15,
          "paddingTop": 25,
        },
        Object {
          "paddingBottom": 25,
        },
      ]
    }
  >
    <View
      accessible={true}
      focusable={false}
      onClick={[Function]}
      onResponderGrant={[Function]}
      onResponderMove={[Function]}
      onResponderRelease={[Function]}
      onResponderTerminate={[Function]}
      onResponderTerminationRequest={[Function]}
      onStartShouldSetResponder={[Function]}
      style={
        Object {
          "backgroundColor": "#FD4040",
          "borderRadius": 10,
          "bottom": 0,
          "opacity": 1,
          "paddingBottom": 8,
          "paddingLeft": 20,
          "paddingRight": 20,
          "paddingTop": 8,
          "position": "absolute",
          "right": 25,
        }
      }
    >
      <Text
        allowFontScaling={false}
        style={
          Array [
            Object {
              "color": "#F1F1F1",
            },
            Object {
              "fontWeight": "bold",
            },
          ]
        }
      >
        SUBMIT
      </Text>
    </View>
  </View>,
]
`;

exports[`Renders second item in form progress 1`] = `
Array [
  <View
    style={
      Array [
        Object {
          "flex": 1,
          "flexDirection": "row",
          "padding": 15,
          "paddingTop": 25,
        },
        Object {
          "alignSelf": "center",
          "justifyContent": "space-between",
          "width": 725,
        },
      ]
    }
  >
    <View
      style={
        Object {
          "alignItems": "center",
        }
      }
    >
      <Image
        source={1}
        style={
          Object {
            "height": 35,
            "width": 35,
          }
        }
      />
      <Text
        allowFontScaling={false}
        style={
          Object {
            "textAlign": "center",
          }
        }
      >
        Create Your 
Account
      </Text>
    </View>
    <View
      style={
        Object {
          "alignSelf": "center",
          "backgroundColor": "#707070",
          "flexShrink": 1,
          "height": 2,
          "marginTop": -35,
          "width": 50,
        }
      }
    />
    <View
      style={
        Object {
          "alignItems": "center",
        }
      }
    >
      <Image
        source={1}
        style={
          Object {
            "height": 35,
            "width": 35,
          }
        }
      />
      <Text
        allowFontScaling={false}
        style={
          Object {
            "textAlign": "center",
          }
        }
      >
        Confirm Your 
Email
      </Text>
    </View>
    <View
      style={
        Object {
          "alignSelf": "center",
          "backgroundColor": "#707070",
          "flexShrink": 1,
          "height": 2,
          "marginTop": -35,
          "width": 50,
        }
      }
    />
    <View
      style={
        Object {
          "alignItems": "center",
        }
      }
    >
      <Image
        source={1}
        style={
          Object {
            "height": 35,
            "width": 35,
          }
        }
      />
      <Text
        allowFontScaling={false}
        style={
          Object {
            "textAlign": "center",
          }
        }
      >
        Select Your 
Preferences
      </Text>
    </View>
  </View>,
  <View
    style={
      Array [
        Object {
          "flex": 1,
          "flexDirection": "row",
          "padding": 15,
          "paddingTop": 25,
        },
        Object {
          "paddingBottom": 25,
        },
      ]
    }
  >
    <View
      accessible={true}
      focusable={false}
      onClick={[Function]}
      onResponderGrant={[Function]}
      onResponderMove={[Function]}
      onResponderRelease={[Function]}
      onResponderTerminate={[Function]}
      onResponderTerminationRequest={[Function]}
      onStartShouldSetResponder={[Function]}
      style={
        Object {
          "backgroundColor": "#FD4040",
          "borderRadius": 10,
          "bottom": 0,
          "opacity": 1,
          "paddingBottom": 8,
          "paddingLeft": 20,
          "paddingRight": 20,
          "paddingTop": 8,
          "position": "absolute",
          "right": 25,
        }
      }
    >
      <Text
        allowFontScaling={false}
        style={
          Array [
            Object {
              "color": "#F1F1F1",
            },
            Object {
              "fontWeight": "bold",
            },
          ]
        }
      >
        SUBMIT
      </Text>
    </View>
  </View>,
]
`;

exports[`Renders third item in form progress 1`] = `
Array [
  <View
    style={
      Array [
        Object {
          "flex": 1,
          "flexDirection": "row",
          "padding": 15,
          "paddingTop": 25,
        },
        Object {
          "alignSelf": "center",
          "justifyContent": "space-between",
          "width": 725,
        },
      ]
    }
  >
    <View
      style={
        Object {
          "alignItems": "center",
        }
      }
    >
      <Image
        source={1}
        style={
          Object {
            "height": 35,
            "width": 35,
          }
        }
      />
      <Text
        allowFontScaling={false}
        style={
          Object {
            "textAlign": "center",
          }
        }
      >
        Create Your 
Account
      </Text>
    </View>
    <View
      style={
        Object {
          "alignSelf": "center",
          "backgroundColor": "#707070",
          "flexShrink": 1,
          "height": 2,
          "marginTop": -35,
          "width": 50,
        }
      }
    />
    <View
      style={
        Object {
          "alignItems": "center",
        }
      }
    >
      <Image
        source={1}
        style={
          Object {
            "height": 35,
            "width": 35,
          }
        }
      />
      <Text
        allowFontScaling={false}
        style={
          Object {
            "textAlign": "center",
          }
        }
      >
        Confirm Your 
Email
      </Text>
    </View>
    <View
      style={
        Object {
          "alignSelf": "center",
          "backgroundColor": "#707070",
          "flexShrink": 1,
          "height": 2,
          "marginTop": -35,
          "width": 50,
        }
      }
    />
    <View
      style={
        Object {
          "alignItems": "center",
        }
      }
    >
      <Image
        source={1}
        style={
          Object {
            "height": 35,
            "width": 35,
          }
        }
      />
      <Text
        allowFontScaling={false}
        style={
          Object {
            "textAlign": "center",
          }
        }
      >
        Select Your 
Preferences
      </Text>
    </View>
  </View>,
  <View
    style={
      Array [
        Object {
          "flex": 1,
          "flexDirection": "row",
          "padding": 15,
          "paddingTop": 25,
        },
        Object {
          "paddingBottom": 25,
        },
      ]
    }
  >
    <View
      accessible={true}
      focusable={false}
      onClick={[Function]}
      onResponderGrant={[Function]}
      onResponderMove={[Function]}
      onResponderRelease={[Function]}
      onResponderTerminate={[Function]}
      onResponderTerminationRequest={[Function]}
      onStartShouldSetResponder={[Function]}
      style={
        Object {
          "backgroundColor": "#FD4040",
          "borderRadius": 10,
          "bottom": 0,
          "opacity": 1,
          "paddingBottom": 8,
          "paddingLeft": 20,
          "paddingRight": 20,
          "paddingTop": 8,
          "position": "absolute",
          "right": 25,
        }
      }
    >
      <Text
        allowFontScaling={false}
        style={
          Array [
            Object {
              "color": "#F1F1F1",
            },
            Object {
              "fontWeight": "bold",
            },
          ]
        }
      >
        SUBMIT
      </Text>
    </View>
  </View>,
]
`;
